
> app_temp@0.1.0 build
> next build

Γû▓ Next.js 16.1.6 (Turbopack)
- Environments: .env.local

node.exe : ΓÜá The "middleware" file 
convention is deprecated. Please use 
"proxy" instead. Learn more: https://n
extjs.org/docs/messages/middleware-to-
proxy
At line:1 char:1
+ & "C:\Program 
Files\nodejs/node.exe" 
"C:\Users\HP\AppData\Roaming\npm ...
+ ~~~~~~~~~~~~~~~~~~~~~~~~~~~~~~~~~~~~
~~~~~~~~~~~~~~~~~~~~~~~~~~~~~~~~~
    + CategoryInfo          : NotSpec 
   ified: (ΓÜá The "middle...leware-  
  to-proxy:String) [], RemoteExcept   
 ion
    + FullyQualifiedErrorId : NativeC 
   ommandError
 
  Creating an optimized production build ...
Γ£ô Compiled successfully in 9.9s
  Running TypeScript ...
  Collecting page data using 11 workers ...
  Generating static pages using 11 workers (0/14) ...
  Generating static pages using 11 workers (3/14) 
  Generating static pages using 11 workers (6/14) 
  Generating static pages using 11 workers (10/14) 
Γ£ô Generating static pages using 11 workers (14/14) in 1410.5ms
  Finalizing page optimization ...

Route (app)
Γöî Γùï /
Γö£ Γùï /_not-found
Γö£ Γùï /about
Γö£ ╞Æ /api/razorpay
Γö£ ╞Æ /api/razorpay/webhook
Γö£ ╞Æ /book/[id]
Γö£ Γùï /faq
Γö£ Γùï /login
Γö£ Γùï /messages
Γö£ Γùï /offer-skill
Γö£ Γùï /profile
Γö£ Γùï /signup
Γö£ Γùï /skills
Γöö Γùï /wallet


╞Æ Proxy (Middleware)

Γùï  (Static)   prerendered as static content
╞Æ  (Dynamic)  server-rendered on demand

